=== forge build --sizes ===
=== captured by lib/solidity-pipeline/scripts/audit-logs.sh, non-TTY, full verbosity ===
=== provenance: no-key ===

No files changed, compilation skipped

╭----------------------+------------------+-------------------+--------------------+---------------------╮
| Contract             | Runtime Size (B) | Initcode Size (B) | Runtime Margin (B) | Initcode Margin (B) |
+========================================================================================================+
| Actor                | 479              | 507               | 24,097             | 48,645              |
|----------------------+------------------+-------------------+--------------------+---------------------|
| Groth16Verifier      | 1,636            | 1,664             | 22,940             | 47,488              |
|----------------------+------------------+-------------------+--------------------+---------------------|
| KYCToken             | 3,010            | 4,022             | 21,566             | 45,130              |
|----------------------+------------------+-------------------+--------------------+---------------------|
| MockRegistry         | 347              | 375               | 24,229             | 48,777              |
|----------------------+------------------+-------------------+--------------------+---------------------|
| MockVerifier         | 377              | 417               | 24,199             | 48,735              |
|----------------------+------------------+-------------------+--------------------+---------------------|
| Properties           | 5,119            | 13,157            | 19,457             | 35,995              |
|----------------------+------------------+-------------------+--------------------+---------------------|
| ZKComplianceRegistry | 2,012            | 2,479             | 22,564             | 46,673              |
╰----------------------+------------------+-------------------+--------------------+---------------------╯


=== exit status: 0 ===
