=== echidna . --contract Properties --config echidna.yaml ===
=== captured by lib/solidity-pipeline/scripts/audit-logs.sh, non-TTY, full verbosity ===
=== provenance: no-key ===

[2026-08-01 10:49:55.29] Compiling .... Done! (2.128364666s)
Analyzing contract: /home/peter/Documents/pigfox2-repos/zk-kyc-pass/test/Properties.sol:Properties
[2026-08-01 10:49:58.34] Running slither on .... WARNING: Running slither failed. Echidna will continue, however fuzzing will likely be less effective.

Done! (21.812443612s)
Loaded 0 transaction sequences from echidna-corpus/reproducers
Loaded 9 transaction sequences from echidna-corpus/coverage
[2026-08-01 10:50:20.37] [Worker 0] New coverage: 5712 instr, 5 contracts, 1 seqs in corpus
[2026-08-01 10:50:20.37] [Worker 1] New coverage: 5712 instr, 5 contracts, 2 seqs in corpus
[2026-08-01 10:50:20.38] [Worker 3] New coverage: 5712 instr, 5 contracts, 3 seqs in corpus
[2026-08-01 10:50:20.40] [Worker 1] Sequence replayed from corpus file 1065497404422084912.txt (1/3)
[2026-08-01 10:50:20.40] [Worker 0] Sequence replayed from corpus file 3756195600406960870.txt (1/3)
[2026-08-01 10:50:20.42] [Worker 2] Sequence replayed from corpus file 8640104607834715163.txt (1/3)
[2026-08-01 10:50:20.43]  Saved reproducer to echidna-corpus/coverage/3756195600406960870.txt
[2026-08-01 10:50:20.48]  Saved reproducer to echidna-corpus/coverage/1065497404422084912.txt
[2026-08-01 10:50:20.53]  Saved reproducer to echidna-corpus/coverage/8640104607834715163.txt
[2026-08-01 10:50:20.55] [Worker 1] New coverage: 6089 instr, 5 contracts, 4 seqs in corpus
[2026-08-01 10:50:20.55] [Worker 1] Sequence replayed from corpus file 976810541010863973.txt (2/3)
[2026-08-01 10:50:20.57] [Worker 2] New coverage: 6123 instr, 5 contracts, 5 seqs in corpus
[2026-08-01 10:50:20.58] [Worker 2] Sequence replayed from corpus file 948990790220819020.txt (2/3)
[2026-08-01 10:50:20.58] [Worker 0] New coverage: 6123 instr, 5 contracts, 6 seqs in corpus
[2026-08-01 10:50:20.59] [Worker 0] Sequence replayed from corpus file 760765215417163639.txt (2/3)
[2026-08-01 10:50:20.59]  Saved reproducer to echidna-corpus/coverage/976810541010863973.txt
[2026-08-01 10:50:20.62]  Saved reproducer to echidna-corpus/coverage/948990790220819020.txt
[2026-08-01 10:50:20.66] [Worker 1] Sequence replayed from corpus file 4314738762776231178.txt (3/3)
[2026-08-01 10:50:20.67]  Saved reproducer to echidna-corpus/coverage/760765215417163639.txt
[2026-08-01 10:50:20.74] [Worker 2] Sequence replayed from corpus file 3897446780325908973.txt (3/3)
[2026-08-01 10:50:20.75] [Worker 0] Sequence replayed from corpus file 3225037639803832341.txt (3/3)
[2026-08-01 10:50:23.19] [status] tests: 0/4, fuzzing: 5615/100000, values: [], cov: 6123, corpus: 6
[2026-08-01 10:50:26.20] [status] tests: 0/4, fuzzing: 11876/100000, values: [], cov: 6123, corpus: 6
[2026-08-01 10:50:29.20] [status] tests: 0/4, fuzzing: 18042/100000, values: [], cov: 6123, corpus: 6
[2026-08-01 10:50:32.20] [status] tests: 0/4, fuzzing: 23960/100000, values: [], cov: 6123, corpus: 6
[2026-08-01 10:50:35.21] [status] tests: 0/4, fuzzing: 30235/100000, values: [], cov: 6123, corpus: 6
[2026-08-01 10:50:38.21] [status] tests: 0/4, fuzzing: 36103/100000, values: [], cov: 6123, corpus: 6
[2026-08-01 10:50:41.21] [status] tests: 0/4, fuzzing: 41225/100000, values: [], cov: 6123, corpus: 6
[2026-08-01 10:50:44.22] [status] tests: 0/4, fuzzing: 47162/100000, values: [], cov: 6123, corpus: 6
[2026-08-01 10:50:47.22] [status] tests: 0/4, fuzzing: 52830/100000, values: [], cov: 6123, corpus: 6
[2026-08-01 10:50:50.22] [status] tests: 0/4, fuzzing: 58288/100000, values: [], cov: 6123, corpus: 6
[2026-08-01 10:50:53.23] [status] tests: 0/4, fuzzing: 63970/100000, values: [], cov: 6123, corpus: 6
[2026-08-01 10:50:56.23] [status] tests: 0/4, fuzzing: 69651/100000, values: [], cov: 6123, corpus: 6
[2026-08-01 10:50:59.23] [status] tests: 0/4, fuzzing: 75691/100000, values: [], cov: 6123, corpus: 6
[2026-08-01 10:51:02.23] [status] tests: 0/4, fuzzing: 81583/100000, values: [], cov: 6123, corpus: 6
[2026-08-01 10:51:05.24] [status] tests: 0/4, fuzzing: 87586/100000, values: [], cov: 6123, corpus: 6
[2026-08-01 10:51:08.24] [status] tests: 0/4, fuzzing: 93236/100000, values: [], cov: 6123, corpus: 6
[2026-08-01 10:51:11.25] [status] tests: 0/4, fuzzing: 98867/100000, values: [], cov: 6123, corpus: 6
[2026-08-01 10:51:11.51] [Worker 1] Test limit reached. Stopping.
[2026-08-01 10:51:11.85] [Worker 2] Test limit reached. Stopping.
[2026-08-01 10:51:11.92] [Worker 0] Test limit reached. Stopping.
[2026-08-01 10:51:12.00] [Worker 3] Test limit reached. Stopping.
[2026-08-01 10:51:12.00] [status] tests: 0/4, fuzzing: 100142/100000, values: [], cov: 6123, corpus: 6
echidna_ledger_consistent: passing
echidna_unverified_never_holds_or_moves: passing
echidna_supply_conserved: passing
echidna_nullifier_never_reused: passing


Unique instructions: 6123
Unique codehashes: 5
Corpus size: 6
Seed: 20260724
Total calls: 100142

[2026-08-01 10:51:12.00] Saving test reproducers... Done! (0.000000828s)
[2026-08-01 10:51:12.00] Saving corpus... Done! (0.211937137s)
[2026-08-01 10:51:12.21] Saving coverage... Done! (0.865921471s)

=== exit status: 0 ===
